get	hlist	getid=0 getsubtype=0 getnext=nil getprev=nil getboth=nil,nil getlist=nil getleader=nil getdisc= getwhd=0,0,0 getglue=0.0000,0,0 getchar=nil getfont=nil getfam=nil getkern=nil getwidth=0 getheight=0 getdepth=0 getshift=0 getpenalty=nil getnucleus=nil getsub=nil getsup=nil getexpansion=nil getlang=nil getcomponents=nil getdir=nil getdirection=nil getoffsets= getdata=nil getattributelist=nil is_zero_glue=true getfield=0
get	vlist	getid=1 getsubtype=0 getnext=nil getprev=nil getboth=nil,nil getlist=nil getleader=nil getdisc= getwhd=0,0,0 getglue=0.0000,0,0 getchar=nil getfont=nil getfam=nil getkern=nil getwidth=0 getheight=0 getdepth=0 getshift=0 getpenalty=nil getnucleus=nil getsub=nil getsup=nil getexpansion=nil getlang=nil getcomponents=nil getdir=nil getdirection=nil getoffsets= getdata=nil getattributelist=nil is_zero_glue=true getfield=0
get	rule	getid=2 getsubtype=0 getnext=nil getprev=nil getboth=nil,nil getlist=nil getleader=nil getdisc= getwhd=-1073741824,-1073741824,-1073741824 getglue= getchar=nil getfont=nil getfam=nil getkern=nil getwidth=-1073741824 getheight=-1073741824 getdepth=-1073741824 getshift=nil getpenalty=nil getnucleus=nil getsub=nil getsup=nil getexpansion=nil getlang=nil getcomponents=nil getdir=nil getdirection=nil getoffsets=0,0 getdata=nil getattributelist=nil is_zero_glue= getfield=-1073741824
get	ins	getid=3 getsubtype=0 getnext=nil getprev=nil getboth=nil,nil getlist=nil getleader=nil getdisc= getwhd= getglue=0,0,0,0,0 getchar=nil getfont=nil getfam=nil getkern=nil getwidth=0 getheight=0 getdepth=0 getshift=nil getpenalty=nil getnucleus=nil getsub=nil getsup=nil getexpansion=nil getlang=nil getcomponents=nil getdir=nil getdirection=nil getoffsets= getdata=nil getattributelist=nil is_zero_glue=true getfield=0
get	mark	getid=4 getsubtype=0 getnext=nil getprev=nil getboth=nil,nil getlist=nil getleader=nil getdisc= getwhd= getglue= getchar=nil getfont=nil getfam=nil getkern=nil getwidth=nil getheight=nil getdepth=nil getshift=nil getpenalty=nil getnucleus=nil getsub=nil getsup=nil getexpansion=nil getlang=nil getcomponents=nil getdir=nil getdirection=nil getoffsets= getdata=nil getattributelist=nil is_zero_glue= getfield=nil
get	adjust	getid=5 getsubtype=0 getnext=nil getprev=nil getboth=nil,nil getlist=nil getleader=nil getdisc= getwhd= getglue= getchar=nil getfont=nil getfam=nil getkern=nil getwidth=nil getheight=nil getdepth=nil getshift=nil getpenalty=nil getnucleus=nil getsub=nil getsup=nil getexpansion=nil getlang=nil getcomponents=nil getdir=nil getdirection=nil getoffsets= getdata=nil getattributelist=nil is_zero_glue= getfield=nil
get	boundary	getid=6 getsubtype=0 getnext=nil getprev=nil getboth=nil,nil getlist=nil getleader=nil getdisc= getwhd= getglue= getchar=nil getfont=nil getfam=nil getkern=nil getwidth=nil getheight=nil getdepth=nil getshift=nil getpenalty=nil getnucleus=nil getsub=nil getsup=nil getexpansion=nil getlang=nil getcomponents=nil getdir=nil getdirection=nil getoffsets= getdata=0 getattributelist=nil is_zero_glue= getfield=nil
get	disc	getid=7 getsubtype=0 getnext=nil getprev=nil getboth=nil,nil getlist=nil getleader=nil getdisc=nil,nil,nil getwhd= getglue= getchar=nil getfont=nil getfam=nil getkern=nil getwidth=nil getheight=nil getdepth=nil getshift=nil getpenalty=0 getnucleus=nil getsub=nil getsup=nil getexpansion=nil getlang=nil getcomponents=nil getdir=nil getdirection=nil getoffsets= getdata=nil getattributelist=nil is_zero_glue= getfield=nil
get	local_par	getid=9 getsubtype=0 getnext=nil getprev=nil getboth=nil,nil getlist=nil getleader=nil getdisc= getwhd= getglue= getchar=nil getfont=nil getfam=nil getkern=nil getwidth=nil getheight=nil getdepth=nil getshift=nil getpenalty=nil getnucleus=nil getsub=nil getsup=nil getexpansion=nil getlang=nil getcomponents=nil getdir=TLT getdirection=0 getoffsets= getdata=nil getattributelist=nil is_zero_glue= getfield=nil
get	dir	getid=10 getsubtype=0 getnext=nil getprev=nil getboth=nil,nil getlist=nil getleader=nil getdisc= getwhd= getglue= getchar=nil getfont=nil getfam=nil getkern=nil getwidth=nil getheight=nil getdepth=nil getshift=nil getpenalty=nil getnucleus=nil getsub=nil getsup=nil getexpansion=nil getlang=nil getcomponents=nil getdir=+TLT getdirection=0,false getoffsets= getdata=nil getattributelist=nil is_zero_glue= getfield=nil
get	math	getid=11 getsubtype=0 getnext=nil getprev=nil getboth=nil,nil getlist=nil getleader=nil getdisc= getwhd= getglue=0,0,0,0,0 getchar=nil getfont=nil getfam=nil getkern=0 getwidth=0 getheight=nil getdepth=nil getshift=nil getpenalty=nil getnucleus=nil getsub=nil getsup=nil getexpansion=nil getlang=nil getcomponents=nil getdir=nil getdirection=nil getoffsets= getdata=nil getattributelist=nil is_zero_glue=true getfield=0
get	glue	getid=12 getsubtype=0 getnext=nil getprev=nil getboth=nil,nil getlist=nil getleader=nil getdisc= getwhd= getglue=0,0,0,0,0 getchar=nil getfont=nil getfam=nil getkern=nil getwidth=0 getheight=nil getdepth=nil getshift=nil getpenalty=nil getnucleus=nil getsub=nil getsup=nil getexpansion=nil getlang=nil getcomponents=nil getdir=nil getdirection=nil getoffsets= getdata=nil getattributelist=nil is_zero_glue=true getfield=0
get	kern	getid=13 getsubtype=0 getnext=nil getprev=nil getboth=nil,nil getlist=nil getleader=nil getdisc= getwhd= getglue= getchar=nil getfont=nil getfam=nil getkern=0.0000,0 getwidth=0,0 getheight=nil getdepth=nil getshift=nil getpenalty=nil getnucleus=nil getsub=nil getsup=nil getexpansion=0 getlang=nil getcomponents=nil getdir=nil getdirection=nil getoffsets= getdata=nil getattributelist=nil is_zero_glue= getfield=nil
get	penalty	getid=14 getsubtype=0 getnext=nil getprev=nil getboth=nil,nil getlist=nil getleader=nil getdisc= getwhd= getglue= getchar=nil getfont=nil getfam=nil getkern=nil getwidth=nil getheight=nil getdepth=nil getshift=nil getpenalty=0 getnucleus=nil getsub=nil getsup=nil getexpansion=nil getlang=nil getcomponents=nil getdir=nil getdirection=nil getoffsets= getdata=nil getattributelist=nil is_zero_glue= getfield=nil
get	unset	getid=15 getsubtype=0 getnext=nil getprev=nil getboth=nil,nil getlist=nil getleader=nil getdisc= getwhd=-1073741824,0,0 getglue= getchar=nil getfont=nil getfam=nil getkern=nil getwidth=-1073741824 getheight=0 getdepth=0 getshift=nil getpenalty=nil getnucleus=nil getsub=nil getsup=nil getexpansion=nil getlang=nil getcomponents=nil getdir=nil getdirection=nil getoffsets= getdata=nil getattributelist=nil is_zero_glue= getfield=-1073741824
get	style	getid=16 getsubtype=0 getnext=nil getprev=nil getboth=nil,nil getlist=nil getleader=nil getdisc= getwhd= getglue= getchar=nil getfont=nil getfam=nil getkern=nil getwidth=nil getheight=nil getdepth=nil getshift=nil getpenalty=nil getnucleus=nil getsub=nil getsup=nil getexpansion=nil getlang=nil getcomponents=nil getdir=nil getdirection=nil getoffsets= getdata=nil getattributelist=nil is_zero_glue= getfield=nil
get	choice	getid=17 getsubtype=0 getnext=nil getprev=nil getboth=nil,nil getlist=nil getleader=nil getdisc= getwhd= getglue= getchar=nil getfont=nil getfam=nil getkern=nil getwidth=nil getheight=nil getdepth=nil getshift=nil getpenalty=nil getnucleus=nil getsub=nil getsup=nil getexpansion=nil getlang=nil getcomponents=nil getdir=nil getdirection=nil getoffsets= getdata=nil getattributelist=nil is_zero_glue= getfield=nil
get	noad	getid=18 getsubtype=0 getnext=nil getprev=nil getboth=nil,nil getlist=nil getleader=nil getdisc= getwhd= getglue= getchar=nil getfont=nil getfam=-1 getkern=nil getwidth=nil getheight=nil getdepth=nil getshift=nil getpenalty=nil getnucleus=nil getsub=nil getsup=nil getexpansion=nil getlang=nil getcomponents=nil getdir=nil getdirection=nil getoffsets= getdata=nil getattributelist=nil is_zero_glue= getfield=nil
get	radical	getid=19 getsubtype=0 getnext=nil getprev=nil getboth=nil,nil getlist=nil getleader=nil getdisc= getwhd= getglue= getchar=nil getfont=nil getfam=nil getkern=nil getwidth=nil getheight=nil getdepth=nil getshift=nil getpenalty=nil getnucleus=nil getsub=nil getsup=nil getexpansion=nil getlang=nil getcomponents=nil getdir=nil getdirection=nil getoffsets= getdata=nil getattributelist=nil is_zero_glue= getfield=0
get	fraction	getid=20 getsubtype=0 getnext=nil getprev=nil getboth=nil,nil getlist=nil getleader=nil getdisc= getwhd= getglue= getchar=nil getfont=nil getfam=-1 getkern=nil getwidth=nil getheight=nil getdepth=nil getshift=nil getpenalty=nil getnucleus=nil getsub=nil getsup=nil getexpansion=nil getlang=nil getcomponents=nil getdir=nil getdirection=nil getoffsets= getdata=nil getattributelist=nil is_zero_glue= getfield=0
get	accent	getid=21 getsubtype=0 getnext=nil getprev=nil getboth=nil,nil getlist=nil getleader=nil getdisc= getwhd= getglue= getchar=nil getfont=nil getfam=nil getkern=nil getwidth=nil getheight=nil getdepth=nil getshift=nil getpenalty=nil getnucleus=nil getsub=nil getsup=nil getexpansion=nil getlang=nil getcomponents=nil getdir=nil getdirection=nil getoffsets= getdata=nil getattributelist=nil is_zero_glue= getfield=nil
get	fence	getid=22 getsubtype=0 getnext=nil getprev=nil getboth=nil,nil getlist=nil getleader=nil getdisc= getwhd= getglue= getchar=nil getfont=nil getfam=nil getkern=nil getwidth=nil getheight=0 getdepth=0 getshift=nil getpenalty=nil getnucleus=nil getsub=nil getsup=nil getexpansion=nil getlang=nil getcomponents=nil getdir=nil getdirection=nil getoffsets= getdata=nil getattributelist=nil is_zero_glue= getfield=nil
get	math_char	getid=23 getsubtype=0 getnext=nil getprev=nil getboth=nil,nil getlist=nil getleader=nil getdisc= getwhd= getglue= getchar=0 getfont=0 getfam=0 getkern=nil getwidth=nil getheight=nil getdepth=nil getshift=nil getpenalty=nil getnucleus=nil getsub=nil getsup=nil getexpansion=nil getlang=nil getcomponents=nil getdir=nil getdirection=nil getoffsets= getdata=nil getattributelist=nil is_zero_glue= getfield=nil
get	sub_box	getid=24 getsubtype=0 getnext=nil getprev=nil getboth=nil,nil getlist=nil getleader=nil getdisc= getwhd= getglue= getchar=nil getfont=nil getfam=nil getkern=nil getwidth=nil getheight=nil getdepth=nil getshift=nil getpenalty=nil getnucleus=nil getsub=nil getsup=nil getexpansion=nil getlang=nil getcomponents=nil getdir=nil getdirection=nil getoffsets= getdata=nil getattributelist=nil is_zero_glue= getfield=nil
get	sub_mlist	getid=25 getsubtype=0 getnext=nil getprev=nil getboth=nil,nil getlist=nil getleader=nil getdisc= getwhd= getglue= getchar=nil getfont=nil getfam=nil getkern=nil getwidth=nil getheight=nil getdepth=nil getshift=nil getpenalty=nil getnucleus=nil getsub=nil getsup=nil getexpansion=nil getlang=nil getcomponents=nil getdir=nil getdirection=nil getoffsets= getdata=nil getattributelist=nil is_zero_glue= getfield=nil
get	math_text_char	getid=26 getsubtype=0 getnext=nil getprev=nil getboth=nil,nil getlist=nil getleader=nil getdisc= getwhd= getglue= getchar=0 getfont=0 getfam=0 getkern=nil getwidth=nil getheight=nil getdepth=nil getshift=nil getpenalty=nil getnucleus=nil getsub=nil getsup=nil getexpansion=nil getlang=nil getcomponents=nil getdir=nil getdirection=nil getoffsets= getdata=nil getattributelist=nil is_zero_glue= getfield=nil
get	delim	getid=27 getsubtype=0 getnext=nil getprev=nil getboth=nil,nil getlist=nil getleader=nil getdisc= getwhd= getglue= getchar=0 getfont=0 getfam=0 getkern=nil getwidth=nil getheight=nil getdepth=nil getshift=nil getpenalty=nil getnucleus=nil getsub=nil getsup=nil getexpansion=nil getlang=nil getcomponents=nil getdir=nil getdirection=nil getoffsets= getdata=nil getattributelist=nil is_zero_glue= getfield=nil
get	margin_kern	getid=28 getsubtype=0 getnext=nil getprev=nil getboth=nil,nil getlist=nil getleader=nil getdisc= getwhd= getglue= getchar=nil getfont=nil getfam=nil getkern=0 getwidth=0 getheight=nil getdepth=nil getshift=nil getpenalty=nil getnucleus=nil getsub=nil getsup=nil getexpansion=nil getlang=nil getcomponents=nil getdir=nil getdirection=nil getoffsets= getdata=nil getattributelist=nil is_zero_glue= getfield=0
get	glyph	getid=29 getsubtype=0 getnext=nil getprev=nil getboth=nil,nil getlist=nil getleader=nil getdisc= getwhd=0,0,0 getglue= getchar=0 getfont=0 getfam=nil getkern=nil getwidth=0.0000,0 getheight=0 getdepth=0 getshift=nil getpenalty=nil getnucleus=nil getsub=nil getsup=nil getexpansion=0 getlang=0 getcomponents=nil getdir=nil getdirection=nil getoffsets=0,0 getdata=0 getattributelist=nil is_zero_glue= getfield=0
set	setsubtype	3	hlist=3 vlist=3 rule=3 ins=3 mark=3 adjust=3 boundary=3 disc=3 local_par=3 dir=3 math=3 glue=3 kern=3 penalty=3 unset=3 style=3 choice=3 noad=3 radical=3 fraction=3 accent=3 fence=3 math_char=3 sub_box=3 sub_mlist=3 math_text_char=3 delim=3 margin_kern=3 glyph=3
set	setfont	1,66	hlist=nil vlist=nil rule=nil ins=nil mark=nil adjust=nil boundary=nil disc=nil local_par=nil dir=nil math=nil glue=nil kern=nil penalty=nil unset=nil style=nil choice=nil noad=nil radical=nil fraction=nil accent=nil fence=nil math_char=0 sub_box=nil sub_mlist=nil math_text_char=0 delim=0 margin_kern=nil glyph=1
set	setfont	1	hlist=nil vlist=nil rule=nil ins=nil mark=nil adjust=nil boundary=nil disc=nil local_par=nil dir=nil math=nil glue=nil kern=nil penalty=nil unset=nil style=nil choice=nil noad=nil radical=nil fraction=nil accent=nil fence=nil math_char=0 sub_box=nil sub_mlist=nil math_text_char=0 delim=0 margin_kern=nil glyph=1
set	setchar	67	hlist=nil vlist=nil rule=nil ins=nil mark=nil adjust=nil boundary=nil disc=nil local_par=nil dir=nil math=nil glue=nil kern=nil penalty=nil unset=nil style=nil choice=nil noad=nil radical=nil fraction=nil accent=nil fence=nil math_char=67 sub_box=nil sub_mlist=nil math_text_char=67 delim=67 margin_kern=nil glyph=67
set	setfam	2	hlist=nil vlist=nil rule=nil ins=nil mark=nil adjust=nil boundary=nil disc=nil local_par=nil dir=nil math=nil glue=nil kern=nil penalty=nil unset=nil style=nil choice=nil noad=2 radical=nil fraction=2 accent=nil fence=nil math_char=2 sub_box=nil sub_mlist=nil math_text_char=2 delim=2 margin_kern=nil glyph=nil
set	setfam	2,70	hlist=nil vlist=nil rule=nil ins=nil mark=nil adjust=nil boundary=nil disc=nil local_par=nil dir=nil math=nil glue=nil kern=nil penalty=nil unset=nil style=nil choice=nil noad=2 radical=nil fraction=2 accent=nil fence=nil math_char=2 sub_box=nil sub_mlist=nil math_text_char=2 delim=2 margin_kern=nil glyph=nil
set	setkern	11	hlist=nil vlist=nil rule=nil ins=nil mark=nil adjust=nil boundary=nil disc=nil local_par=nil dir=nil math=11 glue=nil kern=11.0000,0 penalty=nil unset=nil style=nil choice=nil noad=nil radical=nil fraction=nil accent=nil fence=nil math_char=nil sub_box=nil sub_mlist=nil math_text_char=nil delim=nil margin_kern=11 glyph=nil
set	setkern	11,4	hlist=nil vlist=nil rule=nil ins=nil mark=nil adjust=nil boundary=nil disc=nil local_par=nil dir=nil math=11 glue=nil kern=11.0000,0 penalty=nil unset=nil style=nil choice=nil noad=nil radical=nil fraction=nil accent=nil fence=nil math_char=nil sub_box=nil sub_mlist=nil math_text_char=nil delim=nil margin_kern=11 glyph=nil
set	setwidth	12	hlist=12 vlist=12 rule=12 ins=12 mark=nil adjust=nil boundary=nil disc=nil local_par=nil dir=nil math=12 glue=12 kern=12,0 penalty=nil unset=12 style=nil choice=nil noad=nil radical=nil fraction=nil accent=nil fence=nil math_char=nil sub_box=nil sub_mlist=nil math_text_char=nil delim=nil margin_kern=12 glyph=0.0000,0
set	setheight	13	hlist=13 vlist=13 rule=13 ins=0 mark=nil adjust=nil boundary=nil disc=nil local_par=nil dir=nil math=nil glue=nil kern=nil penalty=nil unset=13 style=nil choice=nil noad=nil radical=nil fraction=nil accent=nil fence=13 math_char=nil sub_box=nil sub_mlist=nil math_text_char=nil delim=nil margin_kern=nil glyph=0
set	setdepth	14	hlist=14 vlist=14 rule=14 ins=0 mark=nil adjust=nil boundary=nil disc=nil local_par=nil dir=nil math=nil glue=nil kern=nil penalty=nil unset=14 style=nil choice=nil noad=nil radical=nil fraction=nil accent=nil fence=14 math_char=nil sub_box=nil sub_mlist=nil math_text_char=nil delim=nil margin_kern=nil glyph=0
set	setshift	15	hlist=15 vlist=15 rule=nil ins=nil mark=nil adjust=nil boundary=nil disc=nil local_par=nil dir=nil math=nil glue=nil kern=nil penalty=nil unset=nil style=nil choice=nil noad=nil radical=nil fraction=nil accent=nil fence=nil math_char=nil sub_box=nil sub_mlist=nil math_text_char=nil delim=nil margin_kern=nil glyph=nil
set	setpenalty	16	hlist=nil vlist=nil rule=nil ins=nil mark=nil adjust=nil boundary=nil disc=16 local_par=nil dir=nil math=nil glue=nil kern=nil penalty=16 unset=nil style=nil choice=nil noad=nil radical=nil fraction=nil accent=nil fence=nil math_char=nil sub_box=nil sub_mlist=nil math_text_char=nil delim=nil margin_kern=nil glyph=nil
set	setexpansion	17	hlist=nil vlist=nil rule=nil ins=nil mark=nil adjust=nil boundary=nil disc=nil local_par=nil dir=nil math=nil glue=nil kern=17 penalty=nil unset=nil style=nil choice=nil noad=nil radical=nil fraction=nil accent=nil fence=nil math_char=nil sub_box=nil sub_mlist=nil math_text_char=nil delim=nil margin_kern=nil glyph=17
set	setlang	3	hlist=nil vlist=nil rule=nil ins=nil mark=nil adjust=nil boundary=nil disc=nil local_par=nil dir=nil math=nil glue=nil kern=nil penalty=nil unset=nil style=nil choice=nil noad=nil radical=nil fraction=nil accent=nil fence=nil math_char=nil sub_box=nil sub_mlist=nil math_text_char=nil delim=nil margin_kern=nil glyph=3
set	setdir	TRT	hlist=TRT vlist=TRT rule=TRT ins=nil mark=nil adjust=nil boundary=nil disc=nil local_par=TRT dir=ERR math=nil glue=nil kern=nil penalty=nil unset=nil style=nil choice=nil noad=nil radical=nil fraction=nil accent=nil fence=nil math_char=nil sub_box=nil sub_mlist=nil math_text_char=nil delim=nil margin_kern=nil glyph=nil
set	setdirection	TRT	hlist=ERR vlist=ERR rule=ERR ins=nil mark=nil adjust=nil boundary=nil disc=nil local_par=ERR dir=ERR math=nil glue=nil kern=nil penalty=nil unset=nil style=nil choice=nil noad=nil radical=nil fraction=nil accent=nil fence=nil math_char=nil sub_box=nil sub_mlist=nil math_text_char=nil delim=nil margin_kern=nil glyph=nil
set	setoffsets	5,6	hlist= vlist= rule=5,6 ins= mark= adjust= boundary= disc= local_par= dir= math= glue= kern= penalty= unset= style= choice= noad= radical= fraction= accent= fence= math_char= sub_box= sub_mlist= math_text_char= delim= margin_kern= glyph=5,6
set	setdata	9	hlist=nil vlist=nil rule=nil ins=nil mark=nil adjust=nil boundary=9 disc=nil local_par=nil dir=nil math=nil glue=nil kern=nil penalty=nil unset=nil style=nil choice=nil noad=nil radical=nil fraction=nil accent=nil fence=nil math_char=nil sub_box=nil sub_mlist=nil math_text_char=nil delim=nil margin_kern=nil glyph=9
set	setwhd	1,2,3	hlist=1,2,3 vlist=1,2,3 rule=1,2,3 ins= mark= adjust= boundary= disc= local_par= dir= math= glue= kern= penalty= unset=1,2,3 style= choice= noad= radical= fraction= accent= fence= math_char= sub_box= sub_mlist= math_text_char= delim= margin_kern= glyph=0,0,0
set	setglue	1,2,3,2,3	hlist=1.0000,2,3 vlist=1.0000,2,3 rule= ins=0,0,0,0,0 mark= adjust= boundary= disc= local_par= dir= math=1,2,3,2,3 glue=1,2,3,2,3 kern= penalty= unset= style= choice= noad= radical= fraction= accent= fence= math_char= sub_box= sub_mlist= math_text_char= delim= margin_kern= glyph=
set	setglue	1	hlist=1.0000,0,0 vlist=1.0000,0,0 rule= ins=0,0,0,0,0 mark= adjust= boundary= disc= local_par= dir= math=1,0,0,0,0 glue=1,0,0,0,0 kern= penalty= unset= style= choice= noad= radical= fraction= accent= fence= math_char= sub_box= sub_mlist= math_text_char= delim= margin_kern= glyph=
set	setglue		hlist=0.0000,0,0 vlist=0.0000,0,0 rule= ins=0,0,0,0,0 mark= adjust= boundary= disc= local_par= dir= math=0,0,0,0,0 glue=0,0,0,0,0 kern= penalty= unset= style= choice= noad= radical= fraction= accent= fence= math_char= sub_box= sub_mlist= math_text_char= delim= margin_kern= glyph=
disc	true	true	true	nil	nil
disc true	true	true	true	true	true
disc cleared	nil	nil	nil
disc pre only	true	nil	nil
leader	true	nil
list	true	nil
components	true
noad	true	true	true
link	true	true
both	true	true
setlink	true	true	true	true	true
setlink nil	true	nil
setlink nil mid	true	true
setsplit	nil
