true | tex/latex/base/article.cls
tex/latex/base/article.cls
nil | tex/latex/base/article.cls
fonts/opentype/public/lm/lmroman10-regular.otf | fonts/opentype/public/lm/lmroman10-regular.otf
fonts/opentype/public/lm/lmroman10-regular.otf
tex/luatex/luaotfload/luaotfload-main.lua | tex/luatex/luaotfload/luaotfload-main.lua
fonts/map/pdftex/updmap/pdftex.map | fonts/enc/dvips/base/8r.enc | fonts/type1/public/amsfonts/cm/cmr10.pfb
nil
tex/latex/base/article.cls
tex/latex/base/article.cls
nil
abd:acd | a1:b1:a2:b2
nil | true | nil
true | true | true | false | false | false
kpathsea version 6.4.2
nil
tex/latex/base/article.cls | tex/latex/base/article.cls