true | /usr/share/texmf-dist/tex/latex/base/article.cls
/usr/share/texmf-dist/tex/latex/base/article.cls
nil | /usr/share/texmf-dist/tex/latex/base/article.cls
/usr/share/texmf-dist/fonts/opentype/public/lm/lmroman10-regular.otf | /usr/share/texmf-dist/fonts/opentype/public/lm/lmroman10-regular.otf
/usr/share/texmf-dist/fonts/opentype/public/lm/lmroman10-regular.otf
/usr/share/texmf-dist/tex/luatex/luaotfload/luaotfload-main.lua | /usr/share/texmf-dist/tex/luatex/luaotfload/luaotfload-main.lua
/usr/share/texmf-dist/web2c/texmf.cnf | /var/lib/texmf/fonts/map/pdftex/updmap/pdftex.map | /usr/share/texmf-dist/fonts/enc/dvips/base/8r.enc | /usr/share/texmf-dist/fonts/type1/public/amsfonts/cm/cmr10.pfb
nil
/usr/share/texmf-dist/tex/latex/base/article.cls
/usr/share/texmf-dist/tex/latex/base/article.cls
nil
abd:acd | a1:b1:a2:b2
nil | /etc/hostname | nil
true | true | true | false | false | false
kpathsea version 6.4.2
nil
/usr/share/texmf-dist/tex/latex/base/article.cls | /usr/share/texmf-dist/tex/latex/base/article.cls