lfs: _COPYRIGHT:string _DESCRIPTION:string _VERSION:string attributes:function chdir:function currentdir:function dir:function isdir:function isfile:function link:function lock:function lock_dir:function mkdir:function mkdirp:function readlink:function rmdir:function setmode:function shortname:function symlinkattributes:function touch:function unlock:function
fio: getposition:function read2dot14:function readbytes:function readbytetable:function readcardinal1:function readcardinal1le:function readcardinal2:function readcardinal2le:function readcardinal3:function readcardinal3le:function readcardinal4:function readcardinal4le:function readcardinaltable:function readfixed2:function readfixed4:function readinteger1:function readinteger1le:function readinteger2:function readinteger2le:function readinteger3:function readinteger3le:function readinteger4:function readinteger4le:function readintegertable:function readline:function setposition:function skipposition:function
sio: read2dot14:function readbytes:function readbytetable:function readcardinal1:function readcardinal1le:function readcardinal2:function readcardinal2le:function readcardinal3:function readcardinal3le:function readcardinal4:function readcardinal4le:function readcardinaltable:function readfixed2:function readfixed4:function readinteger1:function readinteger1le:function readinteger2:function readinteger2le:function readinteger3:function readinteger3le:function readinteger4:function readinteger4le:function readintegertable:function
md5: crypt:function decrypt:function exor:function sum:function sumHEXA:function sumhexa:function
sha2: digest256:function digest384:function digest512:function
zlib: adler32:function compress:function compressobj:function crc32:function decompress:function decompressobj:function version:function
gzip: close:function lines:function open:function
zip: _COPYRIGHT:string _DESCRIPTION:string _VERSION:string close:function open:function openfile:function type:function
unicode: ascii:table grapheme:table latin1:table utf8:table
unicode.utf8: byte:function char:function dump:function find:function format:function gfind:function gmatch:function gsub:function len:function lower:function match:function rep:function reverse:function sub:function upper:function
unicode.ascii: byte:function char:function dump:function find:function format:function gfind:function gmatch:function gsub:function len:function lower:function match:function rep:function reverse:function sub:function upper:function
unicode.latin1: byte:function char:function dump:function find:function format:function gfind:function gmatch:function gsub:function len:function lower:function match:function rep:function reverse:function sub:function upper:function
unicode.grapheme: byte:function char:function dump:function find:function format:function gfind:function gmatch:function gsub:function len:function lower:function match:function rep:function reverse:function sub:function upper:function
ltn12: BLOCKSIZE:number _M:table _NAME:string _PACKAGE:string _VERSION:string filter:table pump:table sink:table source:table
mime: _VERSION:string b64:function decode:function decodet:table dot:function encode:function encodet:table eol:function normalize:function qp:function qpwrp:function stuff:function unb64:function unqp:function wrap:function wrapt:table wrp:function
texconfig: 
status: list:function resetmessages:function setexitcode:function
kpse: check_permission:function default_texmfcnf:function expand_braces:function expand_path:function expand_var:function find_file:function in_name_ok:function in_name_ok_silent_extended:function init_prog:function lookup:function new:function out_name_ok:function out_name_ok_silent_extended:function readable_file:function record_input_file:function record_output_file:function set_program_name:function show_path:function var_value:function version:function
os: clock:function date:function difftime:function env:table exec:function execute:function exit:function getenv:function gettimeofday:function kpsepopen:function name:string remove:function rename:function selfdir:string setenv:function setlocale:function sleep:function socketgettime:function socketsleep:function spawn:function time:function times:function tmpdir:function tmpname:function type:string uname:function
io: close:function flush:function input:function lines:function open:function output:function popen:function read:function saved_lines:function stderr:userdata stdin:userdata stdout:userdata tmpfile:function type:function write:function
lua: bytecode:table get_functions_table:function getbytecode:function getcalllevel:function getcodepage:function getluaname:function getstacktop:function name:table newtable:function setbytecode:function setluaname:function version:string
string: byte:function bytepairs:function bytes:function bytetable:function char:function characterpairs:function characters:function dump:function explode:function find:function format:function gmatch:function gsub:function len:function lower:function match:function pack:function packsize:function rep:function reverse:function sub:function unpack:function upper:function utfcharacter:function utfcharacters:function utflength:function utfvalue:function utfvalues:function